should have a service document:
  1: |
    ports:
    - port: 80
      protocol: TCP
    selector:
      app: aks-future-api
    type: ClusterIP
